QA output created by 441
Format and mount
Test passed!
Format and mount
Test passed!
