QA output created by 639
The result should be 64 bytes filled with 0xcd:
00000000  cd cd cd cd cd cd cd cd  cd cd cd cd cd cd cd cd  |................|
*
00000040
