QA output created by 999
Format and mount
fdatasync: Input/output error
One of the following syncfs calls should fail with EIO:
syncfs: Input/output error
done
This syncfs call should succeed:
done
