QA output created by 002
Format and mount
Test passed!
