QA output created by 999
Format and mount
The following fsync should fail with EIO:
fsync: Input/output error
done
